BME280.c:9:6:Error	8	static
BME280.c:14:13:I2Cx_WriteData	40	static
BME280.c:21:16:I2Cx_ReadData	40	static
BME280.c:30:13:I2Cx_ReadData16	40	static
BME280.c:37:13:I2Cx_ReadData24	40	static
BME280.c:44:6:BME280_WriteReg	16	static
BME280.c:49:9:BME280_ReadReg	24	static
BME280.c:55:6:BME280_ReadReg_U16	16	static
BME280.c:60:6:BME280_ReadReg_S16	16	static
BME280.c:65:6:BME280_ReadReg_BE_S16	16	static
BME280.c:71:6:BME280_ReadReg_U24	16	static
BME280.c:77:6:BME280_ReadReg_BE_U24	16	static
BME280.c:83:9:BME280_ReadStatus	16	static
BME280.c:90:6:BME280_ReadCoefficients	16	static
BME280.c:148:6:BME280_SetStandby	24	static
BME280.c:155:8:BME280_SetFilter	24	static
BME280.c:162:6:BME280_SetOversamplingTemper	24	static
BME280.c:170:6:BME280_SetOversamplingPressure	24	static
BME280.c:178:6:BME280_SetOversamplingHum	24	static
BME280.c:190:6:BME280_SetMode	24	static
BME280.c:197:7:BME280_ReadTemperature	24	static
BME280.c:215:7:BME280_ReadPressure	72	static
BME280.c:242:7:BME280_ReadHumidity	24	static
BME280.c:265:7:BME280_ReadAltitude	32	static
BME280.c:273:6:BME280_Init	24	static
