ssd1306.c:32:23:width	4	static
ssd1306.c:33:23:height	4	static
ssd1306.c:37:10:ssd1306_GetWidth	4	static
ssd1306.c:42:10:ssd1306_GetHeight	4	static
ssd1306.c:47:15:ssd1306_GetColor	4	static
ssd1306.c:52:6:ssd1306_SetColor	16	static
ssd1306.c:58:9:ssd1306_Init	8	static
ssd1306.c:137:6:ssd1306_Fill	16	static
ssd1306.c:151:6:ssd1306_UpdateScreen	24	static
ssd1306.c:170:6:ssd1306_DrawPixel	40	static
ssd1306.c:197:6:ssd1306_DrawLine	48	static
ssd1306.c:247:6:ssd1306_DrawHorizontalLine	32	static
ssd1306.c:293:6:ssd1306_DrawVerticalLine	40	static
ssd1306.c:376:6:ssd1306_DrawRect	24	static
ssd1306.c:384:6:ssd1306_FillRect	32	static
ssd1306.c:392:6:ssd1306_DrawTriangle	24	static
ssd1306.c:400:6:ssd1306_DrawFillTriangle	56	static
ssd1306.c:468:6:ssd1306_DrawCircle	24	static
ssd1306.c:496:6:ssd1306_FillCircle	24	static
ssd1306.c:521:6:ssd1306_DrawCircleQuads	32	static
ssd1306.c:570:6:ssd1306_DrawProgressBar	40	static
ssd1306.c:599:6:ssd1306_DrawBitmap	32	static
ssd1306.c:640:6:ssd1306_WriteChar	40	static
ssd1306.c:681:6:ssd1306_WriteString	24	static
ssd1306.c:703:6:ssd1306_SetCursor	16	static
ssd1306.c:709:6:ssd1306_DisplayOn	8	static
ssd1306.c:714:6:ssd1306_DisplayOff	8	static
ssd1306.c:719:6:ssd1306_InvertDisplay	8	static
ssd1306.c:724:6:ssd1306_NormalDisplay	8	static
ssd1306.c:729:6:ssd1306_ResetOrientation	8	static
ssd1306.c:735:6:ssd1306_FlipScreenVertically	8	static
ssd1306.c:741:6:ssd1306_MirrorScreen	8	static
ssd1306.c:747:6:ssd1306_Clear	8	static
ssd1306.c:755:13:ssd1306_WriteCommand	32	static
ssd1306.c:765:13:ssd1306_WriteData	32	static
