BME280.c:8:6:Error	0	static
BME280.c:36:13:I2Cx_ReadData24.constprop	24	static
BME280.c:29:13:I2Cx_ReadData16.constprop	24	static
BME280.c:43:6:BME280_WriteReg	32	static
BME280.c:48:9:BME280_ReadReg	32	static
BME280.c:54:6:BME280_ReadReg_U16	0	static
BME280.c:59:6:BME280_ReadReg_S16	0	static
BME280.c:64:6:BME280_ReadReg_BE_S16	8	static
BME280.c:70:6:BME280_ReadReg_U24	8	static
BME280.c:76:6:BME280_ReadReg_BE_U24	8	static
BME280.c:82:9:BME280_ReadStatus	8	static
BME280.c:89:6:BME280_ReadCoefficients	16	static
BME280.c:111:6:BME280_SetStandby	8	static
BME280.c:118:8:BME280_SetFilter	8	static
BME280.c:125:6:BME280_SetOversamplingTemper	8	static
BME280.c:133:6:BME280_SetOversamplingPressure	8	static
BME280.c:141:6:BME280_SetOversamplingHum	8	static
BME280.c:153:6:BME280_SetMode	8	static
BME280.c:160:7:BME280_ReadTemperature	16	static
BME280.c:178:7:BME280_ReadPressure	56	static
BME280.c:205:7:BME280_ReadHumidity	16	static
BME280.c:228:7:BME280_ReadAltitude	16	static
BME280.c:236:6:BME280_Init	8	static
